// Jest Snapshot v1, https://goo.gl/fbAQLP

exports[`should render Header correctly 1`] = `
<header
  className="header"
>
  <div
    className="content-container"
  >
    <div
      className="header__content"
    >
      <div
        className="header__title"
      >
        <h1>
          Stock Recommander
        </h1>
      </div>
    </div>
  </div>
</header>
`;
